
> ex01-contatos@1.0.0 web
> expo start --web --port 8081

Starting project at C:\Users\Admin\Desktop\ex01
Starting Metro Bundler
Waiting on http://localhost:8081
Logs for your project will appear below.
Web .\index.js ░░░░░░░░░░░░░░░░  0.0% (0/1)
Web .\index.js ░░░░░░░░░░░░░░░░  1.0% (1/1)
Web .\index.js ▓▓▓▓▓▓░░░░░░░░░░ 40.3% ( 76/120)
Web .\index.js ▓▓▓▓▓▓▓▓▓▓▓▓▓▓▓░ 99.9% (212/212)
Web Bundled 12511ms index.js (212 modules)
 LOG  [web] Logs will appear in the browser console
Web .\index.js ░░░░░░░░░░░░░░░░  0.0% (0/1)
Web Bundled 11ms index.js (1 module)
 LOG  [web] Logs will appear in the browser console
Unable to resolve "./App" from "index.js"
[0m [90m 1 |[39m [36mimport[39m { registerRootComponent } [36mfrom[39m [32m'expo'[39m[33m;[39m
 [90m 2 |[39m
[31m[1m>[22m[39m[90m 3 |[39m [36mimport[39m [33mApp[39m [36mfrom[39m [32m'./App'[39m[33m;[39m
 [90m   |[39m                  [31m[1m^[22m[39m
 [90m 4 |[39m
 [90m 5 |[39m registerRootComponent([33mApp[39m)[33m;[39m
 [90m 6 |[39m[0m

Import stack:

 index.js
 | import "./App"

 
 | import "./index"

Web .\index.js ░░░░░░░░░░░░░░░░  0.0% (0/1)
Web Bundled 11ms index.js (1 module)
 LOG  [web] Logs will appear in the browser console
